// Jest Snapshot v1, https://goo.gl/fbAQLP

exports[`should render Dashboardpage to the UI 1`] = `
<div>
  dashboard page content
</div>
`;
