// Jest Snapshot v1, https://goo.gl/fbAQLP

exports[`should render ExpenseDashboardPage to the UI 1`] = `
<div>
  404 - 
  <Link
    to="/"
  >
    Home
  </Link>
</div>
`;
